{
    "-profile test_raw": {
        "content": [
            {
                "BLOBTK_DEPTH": {
                    "blobtk": "0.5.1"
                },
                "BLOBTK_IMAGES": {
                    "blobtk": "0.5.1"
                },
                "BLOBTOOLKIT_CHUNK": {
                    "blobtoolkit": "4.4.6"
                },
                "BLOBTOOLKIT_COUNTBUSCOS": {
                    "blobtoolkit": "4.4.6"
                },
                "BLOBTOOLKIT_CREATEBLOBDIR": {
                    "blobtoolkit": "4.4.6"
                },
                "BLOBTOOLKIT_EXTRACTBUSCOS": {
                    "blobtoolkit": "4.4.6"
                },
                "BLOBTOOLKIT_SUMMARY": {
                    "blobtoolkit": "4.4.6"
                },
                "BLOBTOOLKIT_UNCHUNK": {
                    "blobtoolkit": "4.4.6"
                },
                "BLOBTOOLKIT_UPDATEBLOBDIR": {
                    "blobtoolkit": "4.4.6"
                },
                "BLOBTOOLKIT_WINDOWSTATS": {
                    "blobtoolkit": "4.4.6"
                },
                "BUSCO_BUSCO": {
                    "busco": "6.0.0"
                },
                "CREATE_BED": {
                    "create_bed": 1.03
                },
                "DIAMOND_BLASTP": {
                    "diamond": "2.1.8"
                },
                "DIAMOND_BLASTX": {
                    "diamond": "2.1.8"
                },
                "FASTAWINDOWS": {
                    "fasta_windows": "0.2.4"
                },
                "GENERATE_CONFIG": {
                    "generate_config.py": 2.0
                },
                "GUNZIP": {
                    "gunzip": 1.1
                },
                "MINIMAP2_HIC": {
                    "minimap2": "2.28-r1209",
                    "samtools": 1.2
                },
                "MINIMAP2_ILMN": {
                    "minimap2": "2.28-r1209",
                    "samtools": 1.2
                },
                "NOHIT_LIST": {
                    "nohit_list": 1.0
                },
                "PIGZ_COMPRESS": {
                    "pigz": 2.8
                },
                "RESTRUCTUREBUSCODIR": {
                    "tar": 1.3
                },
                "SAMTOOLS_FLAGSTAT": {
                    "samtools": 1.21
                },
                "SAMTOOLS_INDEX": {
                    "samtools": 1.21
                },
                "UNTAR": {
                    "untar": 1.34
                },
                "WINDOWSTATS_INPUT": {
                    "windowstats_input.py": "1.0.0"
                },
                "Workflow": {
                    "sanger-tol/blobtoolkit": "v0.10.0"
                }
            },
            [
                "base_content",
                "base_content/GCA_922984935.2_dinuc_windows.tsv.gz",
                "base_content/GCA_922984935.2_freq_windows.tsv.gz",
                "base_content/GCA_922984935.2_mononuc_windows.tsv.gz",
                "base_content/GCA_922984935.2_tetranuc_windows.tsv.gz",
                "base_content/GCA_922984935.2_trinuc_windows.tsv.gz",
                "blobtoolkit",
                "blobtoolkit/GCA_922984935.2",
                "blobtoolkit/GCA_922984935.2/GCA_922984935.2.synonyms_synonyms.json.gz",
                "blobtoolkit/GCA_922984935.2/archaea_odb10_busco.json.gz",
                "blobtoolkit/GCA_922984935.2/archaea_odb10_count.json.gz",
                "blobtoolkit/GCA_922984935.2/archaea_odb10_count_windows.json.gz",
                "blobtoolkit/GCA_922984935.2/archaea_odb10_count_windows_100000.json.gz",
                "blobtoolkit/GCA_922984935.2/archaea_odb10_count_windows_1000000.json.gz",
                "blobtoolkit/GCA_922984935.2/assembly_level.json.gz",
                "blobtoolkit/GCA_922984935.2/assembly_role.json.gz",
                "blobtoolkit/GCA_922984935.2/assembly_unit.json.gz",
                "blobtoolkit/GCA_922984935.2/bacteria_odb10_busco.json.gz",
                "blobtoolkit/GCA_922984935.2/bacteria_odb10_count.json.gz",
                "blobtoolkit/GCA_922984935.2/bacteria_odb10_count_windows.json.gz",
                "blobtoolkit/GCA_922984935.2/bacteria_odb10_count_windows_100000.json.gz",
                "blobtoolkit/GCA_922984935.2/bacteria_odb10_count_windows_1000000.json.gz",
                "blobtoolkit/GCA_922984935.2/buscogenes_class.json.gz",
                "blobtoolkit/GCA_922984935.2/buscogenes_class_cindex.json.gz",
                "blobtoolkit/GCA_922984935.2/buscogenes_class_positions.json.gz",
                "blobtoolkit/GCA_922984935.2/buscogenes_class_score.json.gz",
                "blobtoolkit/GCA_922984935.2/buscogenes_class_windows.json.gz",
                "blobtoolkit/GCA_922984935.2/buscogenes_class_windows_0.01.json.gz",
                "blobtoolkit/GCA_922984935.2/buscogenes_class_windows_100000.json.gz",
                "blobtoolkit/GCA_922984935.2/buscogenes_class_windows_1000000.json.gz",
                "blobtoolkit/GCA_922984935.2/buscogenes_family.json.gz",
                "blobtoolkit/GCA_922984935.2/buscogenes_family_cindex.json.gz",
                "blobtoolkit/GCA_922984935.2/buscogenes_family_positions.json.gz",
                "blobtoolkit/GCA_922984935.2/buscogenes_family_score.json.gz",
                "blobtoolkit/GCA_922984935.2/buscogenes_family_windows.json.gz",
                "blobtoolkit/GCA_922984935.2/buscogenes_family_windows_0.01.json.gz",
                "blobtoolkit/GCA_922984935.2/buscogenes_family_windows_100000.json.gz",
                "blobtoolkit/GCA_922984935.2/buscogenes_family_windows_1000000.json.gz",
                "blobtoolkit/GCA_922984935.2/buscogenes_genus.json.gz",
                "blobtoolkit/GCA_922984935.2/buscogenes_genus_cindex.json.gz",
                "blobtoolkit/GCA_922984935.2/buscogenes_genus_positions.json.gz",
                "blobtoolkit/GCA_922984935.2/buscogenes_genus_score.json.gz",
                "blobtoolkit/GCA_922984935.2/buscogenes_genus_windows.json.gz",
                "blobtoolkit/GCA_922984935.2/buscogenes_genus_windows_0.01.json.gz",
                "blobtoolkit/GCA_922984935.2/buscogenes_genus_windows_100000.json.gz",
                "blobtoolkit/GCA_922984935.2/buscogenes_genus_windows_1000000.json.gz",
                "blobtoolkit/GCA_922984935.2/buscogenes_kingdom.json.gz",
                "blobtoolkit/GCA_922984935.2/buscogenes_kingdom_cindex.json.gz",
                "blobtoolkit/GCA_922984935.2/buscogenes_kingdom_positions.json.gz",
                "blobtoolkit/GCA_922984935.2/buscogenes_kingdom_score.json.gz",
                "blobtoolkit/GCA_922984935.2/buscogenes_kingdom_windows.json.gz",
                "blobtoolkit/GCA_922984935.2/buscogenes_kingdom_windows_0.01.json.gz",
                "blobtoolkit/GCA_922984935.2/buscogenes_kingdom_windows_100000.json.gz",
                "blobtoolkit/GCA_922984935.2/buscogenes_kingdom_windows_1000000.json.gz",
                "blobtoolkit/GCA_922984935.2/buscogenes_order.json.gz",
                "blobtoolkit/GCA_922984935.2/buscogenes_order_cindex.json.gz",
                "blobtoolkit/GCA_922984935.2/buscogenes_order_positions.json.gz",
                "blobtoolkit/GCA_922984935.2/buscogenes_order_score.json.gz",
                "blobtoolkit/GCA_922984935.2/buscogenes_order_windows.json.gz",
                "blobtoolkit/GCA_922984935.2/buscogenes_order_windows_0.01.json.gz",
                "blobtoolkit/GCA_922984935.2/buscogenes_order_windows_100000.json.gz",
                "blobtoolkit/GCA_922984935.2/buscogenes_order_windows_1000000.json.gz",
                "blobtoolkit/GCA_922984935.2/buscogenes_phylum.json.gz",
                "blobtoolkit/GCA_922984935.2/buscogenes_phylum_cindex.json.gz",
                "blobtoolkit/GCA_922984935.2/buscogenes_phylum_positions.json.gz",
                "blobtoolkit/GCA_922984935.2/buscogenes_phylum_score.json.gz",
                "blobtoolkit/GCA_922984935.2/buscogenes_phylum_windows.json.gz",
                "blobtoolkit/GCA_922984935.2/buscogenes_phylum_windows_0.01.json.gz",
                "blobtoolkit/GCA_922984935.2/buscogenes_phylum_windows_100000.json.gz",
                "blobtoolkit/GCA_922984935.2/buscogenes_phylum_windows_1000000.json.gz",
                "blobtoolkit/GCA_922984935.2/buscogenes_positions.json.gz",
                "blobtoolkit/GCA_922984935.2/buscogenes_species.json.gz",
                "blobtoolkit/GCA_922984935.2/buscogenes_species_cindex.json.gz",
                "blobtoolkit/GCA_922984935.2/buscogenes_species_positions.json.gz",
                "blobtoolkit/GCA_922984935.2/buscogenes_species_score.json.gz",
                "blobtoolkit/GCA_922984935.2/buscogenes_species_windows.json.gz",
                "blobtoolkit/GCA_922984935.2/buscogenes_species_windows_0.01.json.gz",
                "blobtoolkit/GCA_922984935.2/buscogenes_species_windows_100000.json.gz",
                "blobtoolkit/GCA_922984935.2/buscogenes_species_windows_1000000.json.gz",
                "blobtoolkit/GCA_922984935.2/buscogenes_superkingdom.json.gz",
                "blobtoolkit/GCA_922984935.2/buscogenes_superkingdom_cindex.json.gz",
                "blobtoolkit/GCA_922984935.2/buscogenes_superkingdom_positions.json.gz",
                "blobtoolkit/GCA_922984935.2/buscogenes_superkingdom_score.json.gz",
                "blobtoolkit/GCA_922984935.2/buscogenes_superkingdom_windows.json.gz",
                "blobtoolkit/GCA_922984935.2/buscogenes_superkingdom_windows_0.01.json.gz",
                "blobtoolkit/GCA_922984935.2/buscogenes_superkingdom_windows_100000.json.gz",
                "blobtoolkit/GCA_922984935.2/buscogenes_superkingdom_windows_1000000.json.gz",
                "blobtoolkit/GCA_922984935.2/buscoregions_class.json.gz",
                "blobtoolkit/GCA_922984935.2/buscoregions_class_cindex.json.gz",
                "blobtoolkit/GCA_922984935.2/buscoregions_class_positions.json.gz",
                "blobtoolkit/GCA_922984935.2/buscoregions_class_score.json.gz",
                "blobtoolkit/GCA_922984935.2/buscoregions_class_windows.json.gz",
                "blobtoolkit/GCA_922984935.2/buscoregions_class_windows_0.01.json.gz",
                "blobtoolkit/GCA_922984935.2/buscoregions_class_windows_100000.json.gz",
                "blobtoolkit/GCA_922984935.2/buscoregions_class_windows_1000000.json.gz",
                "blobtoolkit/GCA_922984935.2/buscoregions_family.json.gz",
                "blobtoolkit/GCA_922984935.2/buscoregions_family_cindex.json.gz",
                "blobtoolkit/GCA_922984935.2/buscoregions_family_positions.json.gz",
                "blobtoolkit/GCA_922984935.2/buscoregions_family_score.json.gz",
                "blobtoolkit/GCA_922984935.2/buscoregions_family_windows.json.gz",
                "blobtoolkit/GCA_922984935.2/buscoregions_family_windows_0.01.json.gz",
                "blobtoolkit/GCA_922984935.2/buscoregions_family_windows_100000.json.gz",
                "blobtoolkit/GCA_922984935.2/buscoregions_family_windows_1000000.json.gz",
                "blobtoolkit/GCA_922984935.2/buscoregions_genus.json.gz",
                "blobtoolkit/GCA_922984935.2/buscoregions_genus_cindex.json.gz",
                "blobtoolkit/GCA_922984935.2/buscoregions_genus_positions.json.gz",
                "blobtoolkit/GCA_922984935.2/buscoregions_genus_score.json.gz",
                "blobtoolkit/GCA_922984935.2/buscoregions_genus_windows.json.gz",
                "blobtoolkit/GCA_922984935.2/buscoregions_genus_windows_0.01.json.gz",
                "blobtoolkit/GCA_922984935.2/buscoregions_genus_windows_100000.json.gz",
                "blobtoolkit/GCA_922984935.2/buscoregions_genus_windows_1000000.json.gz",
                "blobtoolkit/GCA_922984935.2/buscoregions_kingdom.json.gz",
                "blobtoolkit/GCA_922984935.2/buscoregions_kingdom_cindex.json.gz",
                "blobtoolkit/GCA_922984935.2/buscoregions_kingdom_positions.json.gz",
                "blobtoolkit/GCA_922984935.2/buscoregions_kingdom_score.json.gz",
                "blobtoolkit/GCA_922984935.2/buscoregions_kingdom_windows.json.gz",
                "blobtoolkit/GCA_922984935.2/buscoregions_kingdom_windows_0.01.json.gz",
                "blobtoolkit/GCA_922984935.2/buscoregions_kingdom_windows_100000.json.gz",
                "blobtoolkit/GCA_922984935.2/buscoregions_kingdom_windows_1000000.json.gz",
                "blobtoolkit/GCA_922984935.2/buscoregions_order.json.gz",
                "blobtoolkit/GCA_922984935.2/buscoregions_order_cindex.json.gz",
                "blobtoolkit/GCA_922984935.2/buscoregions_order_positions.json.gz",
                "blobtoolkit/GCA_922984935.2/buscoregions_order_score.json.gz",
                "blobtoolkit/GCA_922984935.2/buscoregions_order_windows.json.gz",
                "blobtoolkit/GCA_922984935.2/buscoregions_order_windows_0.01.json.gz",
                "blobtoolkit/GCA_922984935.2/buscoregions_order_windows_100000.json.gz",
                "blobtoolkit/GCA_922984935.2/buscoregions_order_windows_1000000.json.gz",
                "blobtoolkit/GCA_922984935.2/buscoregions_phylum.json.gz",
                "blobtoolkit/GCA_922984935.2/buscoregions_phylum_cindex.json.gz",
                "blobtoolkit/GCA_922984935.2/buscoregions_phylum_positions.json.gz",
                "blobtoolkit/GCA_922984935.2/buscoregions_phylum_score.json.gz",
                "blobtoolkit/GCA_922984935.2/buscoregions_phylum_windows.json.gz",
                "blobtoolkit/GCA_922984935.2/buscoregions_phylum_windows_0.01.json.gz",
                "blobtoolkit/GCA_922984935.2/buscoregions_phylum_windows_100000.json.gz",
                "blobtoolkit/GCA_922984935.2/buscoregions_phylum_windows_1000000.json.gz",
                "blobtoolkit/GCA_922984935.2/buscoregions_positions.json.gz",
                "blobtoolkit/GCA_922984935.2/buscoregions_species.json.gz",
                "blobtoolkit/GCA_922984935.2/buscoregions_species_cindex.json.gz",
                "blobtoolkit/GCA_922984935.2/buscoregions_species_positions.json.gz",
                "blobtoolkit/GCA_922984935.2/buscoregions_species_score.json.gz",
                "blobtoolkit/GCA_922984935.2/buscoregions_species_windows.json.gz",
                "blobtoolkit/GCA_922984935.2/buscoregions_species_windows_0.01.json.gz",
                "blobtoolkit/GCA_922984935.2/buscoregions_species_windows_100000.json.gz",
                "blobtoolkit/GCA_922984935.2/buscoregions_species_windows_1000000.json.gz",
                "blobtoolkit/GCA_922984935.2/buscoregions_superkingdom.json.gz",
                "blobtoolkit/GCA_922984935.2/buscoregions_superkingdom_cindex.json.gz",
                "blobtoolkit/GCA_922984935.2/buscoregions_superkingdom_positions.json.gz",
                "blobtoolkit/GCA_922984935.2/buscoregions_superkingdom_score.json.gz",
                "blobtoolkit/GCA_922984935.2/buscoregions_superkingdom_windows.json.gz",
                "blobtoolkit/GCA_922984935.2/buscoregions_superkingdom_windows_0.01.json.gz",
                "blobtoolkit/GCA_922984935.2/buscoregions_superkingdom_windows_100000.json.gz",
                "blobtoolkit/GCA_922984935.2/buscoregions_superkingdom_windows_1000000.json.gz",
                "blobtoolkit/GCA_922984935.2/carnivora_odb10_busco.json.gz",
                "blobtoolkit/GCA_922984935.2/carnivora_odb10_count.json.gz",
                "blobtoolkit/GCA_922984935.2/carnivora_odb10_count_windows.json.gz",
                "blobtoolkit/GCA_922984935.2/carnivora_odb10_count_windows_100000.json.gz",
                "blobtoolkit/GCA_922984935.2/carnivora_odb10_count_windows_1000000.json.gz",
                "blobtoolkit/GCA_922984935.2/eukaryota_odb10_busco.json.gz",
                "blobtoolkit/GCA_922984935.2/eukaryota_odb10_count.json.gz",
                "blobtoolkit/GCA_922984935.2/eukaryota_odb10_count_windows.json.gz",
                "blobtoolkit/GCA_922984935.2/eukaryota_odb10_count_windows_100000.json.gz",
                "blobtoolkit/GCA_922984935.2/eukaryota_odb10_count_windows_1000000.json.gz",
                "blobtoolkit/GCA_922984935.2/eutheria_odb10_busco.json.gz",
                "blobtoolkit/GCA_922984935.2/eutheria_odb10_count.json.gz",
                "blobtoolkit/GCA_922984935.2/eutheria_odb10_count_windows.json.gz",
                "blobtoolkit/GCA_922984935.2/eutheria_odb10_count_windows_100000.json.gz",
                "blobtoolkit/GCA_922984935.2/eutheria_odb10_count_windows_1000000.json.gz",
                "blobtoolkit/GCA_922984935.2/gc.json.gz",
                "blobtoolkit/GCA_922984935.2/gc_stats.json.gz",
                "blobtoolkit/GCA_922984935.2/gc_windows.json.gz",
                "blobtoolkit/GCA_922984935.2/gc_windows_100000.json.gz",
                "blobtoolkit/GCA_922984935.2/gc_windows_1000000.json.gz",
                "blobtoolkit/GCA_922984935.2/identifiers.json.gz",
                "blobtoolkit/GCA_922984935.2/laurasiatheria_odb10_busco.json.gz",
                "blobtoolkit/GCA_922984935.2/laurasiatheria_odb10_count.json.gz",
                "blobtoolkit/GCA_922984935.2/laurasiatheria_odb10_count_windows.json.gz",
                "blobtoolkit/GCA_922984935.2/laurasiatheria_odb10_count_windows_100000.json.gz",
                "blobtoolkit/GCA_922984935.2/laurasiatheria_odb10_count_windows_1000000.json.gz",
                "blobtoolkit/GCA_922984935.2/length.json.gz",
                "blobtoolkit/GCA_922984935.2/length_windows.json.gz",
                "blobtoolkit/GCA_922984935.2/length_windows_100000.json.gz",
                "blobtoolkit/GCA_922984935.2/length_windows_1000000.json.gz",
                "blobtoolkit/GCA_922984935.2/mMelMel1_cov.json.gz",
                "blobtoolkit/GCA_922984935.2/mMelMel1_cov_stats.json.gz",
                "blobtoolkit/GCA_922984935.2/mMelMel1_cov_windows.json.gz",
                "blobtoolkit/GCA_922984935.2/mMelMel1_cov_windows_100000.json.gz",
                "blobtoolkit/GCA_922984935.2/mMelMel1_cov_windows_1000000.json.gz",
                "blobtoolkit/GCA_922984935.2/mMelMel2_cov.json.gz",
                "blobtoolkit/GCA_922984935.2/mMelMel2_cov_stats.json.gz",
                "blobtoolkit/GCA_922984935.2/mMelMel2_cov_windows.json.gz",
                "blobtoolkit/GCA_922984935.2/mMelMel2_cov_windows_100000.json.gz",
                "blobtoolkit/GCA_922984935.2/mMelMel2_cov_windows_1000000.json.gz",
                "blobtoolkit/GCA_922984935.2/mMelMel3_cov.json.gz",
                "blobtoolkit/GCA_922984935.2/mMelMel3_cov_stats.json.gz",
                "blobtoolkit/GCA_922984935.2/mMelMel3_cov_windows.json.gz",
                "blobtoolkit/GCA_922984935.2/mMelMel3_cov_windows_100000.json.gz",
                "blobtoolkit/GCA_922984935.2/mMelMel3_cov_windows_1000000.json.gz",
                "blobtoolkit/GCA_922984935.2/mammalia_odb10_busco.json.gz",
                "blobtoolkit/GCA_922984935.2/mammalia_odb10_count.json.gz",
                "blobtoolkit/GCA_922984935.2/mammalia_odb10_count_windows.json.gz",
                "blobtoolkit/GCA_922984935.2/mammalia_odb10_count_windows_100000.json.gz",
                "blobtoolkit/GCA_922984935.2/mammalia_odb10_count_windows_1000000.json.gz",
                "blobtoolkit/GCA_922984935.2/meta.json.gz",
                "blobtoolkit/GCA_922984935.2/metazoa_odb10_busco.json.gz",
                "blobtoolkit/GCA_922984935.2/metazoa_odb10_count.json.gz",
                "blobtoolkit/GCA_922984935.2/metazoa_odb10_count_windows.json.gz",
                "blobtoolkit/GCA_922984935.2/metazoa_odb10_count_windows_100000.json.gz",
                "blobtoolkit/GCA_922984935.2/metazoa_odb10_count_windows_1000000.json.gz",
                "blobtoolkit/GCA_922984935.2/n.json.gz",
                "blobtoolkit/GCA_922984935.2/n_stats.json.gz",
                "blobtoolkit/GCA_922984935.2/n_windows.json.gz",
                "blobtoolkit/GCA_922984935.2/n_windows_100000.json.gz",
                "blobtoolkit/GCA_922984935.2/n_windows_1000000.json.gz",
                "blobtoolkit/GCA_922984935.2/ncount.json.gz",
                "blobtoolkit/GCA_922984935.2/ncount_windows.json.gz",
                "blobtoolkit/GCA_922984935.2/ncount_windows_100000.json.gz",
                "blobtoolkit/GCA_922984935.2/ncount_windows_1000000.json.gz",
                "blobtoolkit/GCA_922984935.2/position.json.gz",
                "blobtoolkit/GCA_922984935.2/position_windows.json.gz",
                "blobtoolkit/GCA_922984935.2/position_windows_100000.json.gz",
                "blobtoolkit/GCA_922984935.2/position_windows_1000000.json.gz",
                "blobtoolkit/GCA_922984935.2/proportion.json.gz",
                "blobtoolkit/GCA_922984935.2/proportion_windows.json.gz",
                "blobtoolkit/GCA_922984935.2/proportion_windows_100000.json.gz",
                "blobtoolkit/GCA_922984935.2/proportion_windows_1000000.json.gz",
                "blobtoolkit/GCA_922984935.2/summary.json.gz",
                "blobtoolkit/GCA_922984935.2/tetrapoda_odb10_busco.json.gz",
                "blobtoolkit/GCA_922984935.2/tetrapoda_odb10_count.json.gz",
                "blobtoolkit/GCA_922984935.2/tetrapoda_odb10_count_windows.json.gz",
                "blobtoolkit/GCA_922984935.2/tetrapoda_odb10_count_windows_100000.json.gz",
                "blobtoolkit/GCA_922984935.2/tetrapoda_odb10_count_windows_1000000.json.gz",
                "blobtoolkit/GCA_922984935.2/vertebrata_odb10_busco.json.gz",
                "blobtoolkit/GCA_922984935.2/vertebrata_odb10_count.json.gz",
                "blobtoolkit/GCA_922984935.2/vertebrata_odb10_count_windows.json.gz",
                "blobtoolkit/GCA_922984935.2/vertebrata_odb10_count_windows_100000.json.gz",
                "blobtoolkit/GCA_922984935.2/vertebrata_odb10_count_windows_1000000.json.gz",
                "blobtoolkit/plots",
                "blobtoolkit/plots/GCA_922984935.2.blob.png",
                "blobtoolkit/plots/GCA_922984935.2.cumulative.png",
                "blobtoolkit/plots/GCA_922984935.2.snail.png",
                "busco",
                "busco/archaea_odb10",
                "busco/archaea_odb10/fragmented_busco_sequences.tar.gz",
                "busco/archaea_odb10/full_table.tsv",
                "busco/archaea_odb10/missing_busco_list.tsv",
                "busco/archaea_odb10/multi_copy_busco_sequences.tar.gz",
                "busco/archaea_odb10/short_summary.json",
                "busco/archaea_odb10/short_summary.tsv",
                "busco/archaea_odb10/short_summary.txt",
                "busco/archaea_odb10/single_copy_busco_sequences.tar.gz",
                "busco/bacteria_odb10",
                "busco/bacteria_odb10/fragmented_busco_sequences.tar.gz",
                "busco/bacteria_odb10/full_table.tsv",
                "busco/bacteria_odb10/missing_busco_list.tsv",
                "busco/bacteria_odb10/multi_copy_busco_sequences.tar.gz",
                "busco/bacteria_odb10/short_summary.json",
                "busco/bacteria_odb10/short_summary.tsv",
                "busco/bacteria_odb10/short_summary.txt",
                "busco/bacteria_odb10/single_copy_busco_sequences.tar.gz",
                "busco/carnivora_odb10",
                "busco/carnivora_odb10/fragmented_busco_sequences.tar.gz",
                "busco/carnivora_odb10/full_table.tsv",
                "busco/carnivora_odb10/missing_busco_list.tsv",
                "busco/carnivora_odb10/multi_copy_busco_sequences.tar.gz",
                "busco/carnivora_odb10/short_summary.json",
                "busco/carnivora_odb10/short_summary.tsv",
                "busco/carnivora_odb10/short_summary.txt",
                "busco/carnivora_odb10/single_copy_busco_sequences.tar.gz",
                "busco/eukaryota_odb10",
                "busco/eukaryota_odb10/fragmented_busco_sequences.tar.gz",
                "busco/eukaryota_odb10/full_table.tsv",
                "busco/eukaryota_odb10/missing_busco_list.tsv",
                "busco/eukaryota_odb10/multi_copy_busco_sequences.tar.gz",
                "busco/eukaryota_odb10/short_summary.json",
                "busco/eukaryota_odb10/short_summary.tsv",
                "busco/eukaryota_odb10/short_summary.txt",
                "busco/eukaryota_odb10/single_copy_busco_sequences.tar.gz",
                "busco/eutheria_odb10",
                "busco/eutheria_odb10/fragmented_busco_sequences.tar.gz",
                "busco/eutheria_odb10/full_table.tsv",
                "busco/eutheria_odb10/missing_busco_list.tsv",
                "busco/eutheria_odb10/multi_copy_busco_sequences.tar.gz",
                "busco/eutheria_odb10/short_summary.json",
                "busco/eutheria_odb10/short_summary.tsv",
                "busco/eutheria_odb10/short_summary.txt",
                "busco/eutheria_odb10/single_copy_busco_sequences.tar.gz",
                "busco/laurasiatheria_odb10",
                "busco/laurasiatheria_odb10/fragmented_busco_sequences.tar.gz",
                "busco/laurasiatheria_odb10/full_table.tsv",
                "busco/laurasiatheria_odb10/missing_busco_list.tsv",
                "busco/laurasiatheria_odb10/multi_copy_busco_sequences.tar.gz",
                "busco/laurasiatheria_odb10/short_summary.json",
                "busco/laurasiatheria_odb10/short_summary.tsv",
                "busco/laurasiatheria_odb10/short_summary.txt",
                "busco/laurasiatheria_odb10/single_copy_busco_sequences.tar.gz",
                "busco/mammalia_odb10",
                "busco/mammalia_odb10/fragmented_busco_sequences.tar.gz",
                "busco/mammalia_odb10/full_table.tsv",
                "busco/mammalia_odb10/missing_busco_list.tsv",
                "busco/mammalia_odb10/multi_copy_busco_sequences.tar.gz",
                "busco/mammalia_odb10/short_summary.json",
                "busco/mammalia_odb10/short_summary.tsv",
                "busco/mammalia_odb10/short_summary.txt",
                "busco/mammalia_odb10/single_copy_busco_sequences.tar.gz",
                "busco/metazoa_odb10",
                "busco/metazoa_odb10/fragmented_busco_sequences.tar.gz",
                "busco/metazoa_odb10/full_table.tsv",
                "busco/metazoa_odb10/missing_busco_list.tsv",
                "busco/metazoa_odb10/multi_copy_busco_sequences.tar.gz",
                "busco/metazoa_odb10/short_summary.json",
                "busco/metazoa_odb10/short_summary.tsv",
                "busco/metazoa_odb10/short_summary.txt",
                "busco/metazoa_odb10/single_copy_busco_sequences.tar.gz",
                "busco/tetrapoda_odb10",
                "busco/tetrapoda_odb10/fragmented_busco_sequences.tar.gz",
                "busco/tetrapoda_odb10/full_table.tsv",
                "busco/tetrapoda_odb10/missing_busco_list.tsv",
                "busco/tetrapoda_odb10/multi_copy_busco_sequences.tar.gz",
                "busco/tetrapoda_odb10/short_summary.json",
                "busco/tetrapoda_odb10/short_summary.tsv",
                "busco/tetrapoda_odb10/short_summary.txt",
                "busco/tetrapoda_odb10/single_copy_busco_sequences.tar.gz",
                "busco/vertebrata_odb10",
                "busco/vertebrata_odb10/fragmented_busco_sequences.tar.gz",
                "busco/vertebrata_odb10/full_table.tsv",
                "busco/vertebrata_odb10/missing_busco_list.tsv",
                "busco/vertebrata_odb10/multi_copy_busco_sequences.tar.gz",
                "busco/vertebrata_odb10/short_summary.json",
                "busco/vertebrata_odb10/short_summary.tsv",
                "busco/vertebrata_odb10/short_summary.txt",
                "busco/vertebrata_odb10/single_copy_busco_sequences.tar.gz",
                "multiqc",
                "multiqc/multiqc_data",
                "multiqc/multiqc_data/busco_plot_archaea_odb10.txt",
                "multiqc/multiqc_data/busco_plot_bacteria_odb10.txt",
                "multiqc/multiqc_data/busco_plot_carnivora_odb10.txt",
                "multiqc/multiqc_data/busco_plot_eukaryota_odb10.txt",
                "multiqc/multiqc_data/busco_plot_eutheria_odb10.txt",
                "multiqc/multiqc_data/busco_plot_laurasiatheria_odb10.txt",
                "multiqc/multiqc_data/busco_plot_mammalia_odb10.txt",
                "multiqc/multiqc_data/busco_plot_metazoa_odb10.txt",
                "multiqc/multiqc_data/busco_plot_tetrapoda_odb10.txt",
                "multiqc/multiqc_data/busco_plot_vertebrata_odb10.txt",
                "multiqc/multiqc_data/llms-full.txt",
                "multiqc/multiqc_data/multiqc.log",
                "multiqc/multiqc_data/multiqc.parquet",
                "multiqc/multiqc_data/multiqc_busco.txt",
                "multiqc/multiqc_data/multiqc_citations.txt",
                "multiqc/multiqc_data/multiqc_data.json",
                "multiqc/multiqc_data/multiqc_general_stats.txt",
                "multiqc/multiqc_data/multiqc_software_versions.txt",
                "multiqc/multiqc_data/multiqc_sources.txt",
                "multiqc/multiqc_plots",
                "multiqc/multiqc_plots/pdf",
                "multiqc/multiqc_plots/pdf/busco_plot_archaea_odb10-cnt.pdf",
                "multiqc/multiqc_plots/pdf/busco_plot_archaea_odb10-pct.pdf",
                "multiqc/multiqc_plots/pdf/busco_plot_bacteria_odb10-cnt.pdf",
                "multiqc/multiqc_plots/pdf/busco_plot_bacteria_odb10-pct.pdf",
                "multiqc/multiqc_plots/pdf/busco_plot_carnivora_odb10-cnt.pdf",
                "multiqc/multiqc_plots/pdf/busco_plot_carnivora_odb10-pct.pdf",
                "multiqc/multiqc_plots/pdf/busco_plot_eukaryota_odb10-cnt.pdf",
                "multiqc/multiqc_plots/pdf/busco_plot_eukaryota_odb10-pct.pdf",
                "multiqc/multiqc_plots/pdf/busco_plot_eutheria_odb10-cnt.pdf",
                "multiqc/multiqc_plots/pdf/busco_plot_eutheria_odb10-pct.pdf",
                "multiqc/multiqc_plots/pdf/busco_plot_laurasiatheria_odb10-cnt.pdf",
                "multiqc/multiqc_plots/pdf/busco_plot_laurasiatheria_odb10-pct.pdf",
                "multiqc/multiqc_plots/pdf/busco_plot_mammalia_odb10-cnt.pdf",
                "multiqc/multiqc_plots/pdf/busco_plot_mammalia_odb10-pct.pdf",
                "multiqc/multiqc_plots/pdf/busco_plot_metazoa_odb10-cnt.pdf",
                "multiqc/multiqc_plots/pdf/busco_plot_metazoa_odb10-pct.pdf",
                "multiqc/multiqc_plots/pdf/busco_plot_tetrapoda_odb10-cnt.pdf",
                "multiqc/multiqc_plots/pdf/busco_plot_tetrapoda_odb10-pct.pdf",
                "multiqc/multiqc_plots/pdf/busco_plot_vertebrata_odb10-cnt.pdf",
                "multiqc/multiqc_plots/pdf/busco_plot_vertebrata_odb10-pct.pdf",
                "multiqc/multiqc_plots/png",
                "multiqc/multiqc_plots/png/busco_plot_archaea_odb10-cnt.png",
                "multiqc/multiqc_plots/png/busco_plot_archaea_odb10-pct.png",
                "multiqc/multiqc_plots/png/busco_plot_bacteria_odb10-cnt.png",
                "multiqc/multiqc_plots/png/busco_plot_bacteria_odb10-pct.png",
                "multiqc/multiqc_plots/png/busco_plot_carnivora_odb10-cnt.png",
                "multiqc/multiqc_plots/png/busco_plot_carnivora_odb10-pct.png",
                "multiqc/multiqc_plots/png/busco_plot_eukaryota_odb10-cnt.png",
                "multiqc/multiqc_plots/png/busco_plot_eukaryota_odb10-pct.png",
                "multiqc/multiqc_plots/png/busco_plot_eutheria_odb10-cnt.png",
                "multiqc/multiqc_plots/png/busco_plot_eutheria_odb10-pct.png",
                "multiqc/multiqc_plots/png/busco_plot_laurasiatheria_odb10-cnt.png",
                "multiqc/multiqc_plots/png/busco_plot_laurasiatheria_odb10-pct.png",
                "multiqc/multiqc_plots/png/busco_plot_mammalia_odb10-cnt.png",
                "multiqc/multiqc_plots/png/busco_plot_mammalia_odb10-pct.png",
                "multiqc/multiqc_plots/png/busco_plot_metazoa_odb10-cnt.png",
                "multiqc/multiqc_plots/png/busco_plot_metazoa_odb10-pct.png",
                "multiqc/multiqc_plots/png/busco_plot_tetrapoda_odb10-cnt.png",
                "multiqc/multiqc_plots/png/busco_plot_tetrapoda_odb10-pct.png",
                "multiqc/multiqc_plots/png/busco_plot_vertebrata_odb10-cnt.png",
                "multiqc/multiqc_plots/png/busco_plot_vertebrata_odb10-pct.png",
                "multiqc/multiqc_plots/svg",
                "multiqc/multiqc_plots/svg/busco_plot_archaea_odb10-cnt.svg",
                "multiqc/multiqc_plots/svg/busco_plot_archaea_odb10-pct.svg",
                "multiqc/multiqc_plots/svg/busco_plot_bacteria_odb10-cnt.svg",
                "multiqc/multiqc_plots/svg/busco_plot_bacteria_odb10-pct.svg",
                "multiqc/multiqc_plots/svg/busco_plot_carnivora_odb10-cnt.svg",
                "multiqc/multiqc_plots/svg/busco_plot_carnivora_odb10-pct.svg",
                "multiqc/multiqc_plots/svg/busco_plot_eukaryota_odb10-cnt.svg",
                "multiqc/multiqc_plots/svg/busco_plot_eukaryota_odb10-pct.svg",
                "multiqc/multiqc_plots/svg/busco_plot_eutheria_odb10-cnt.svg",
                "multiqc/multiqc_plots/svg/busco_plot_eutheria_odb10-pct.svg",
                "multiqc/multiqc_plots/svg/busco_plot_laurasiatheria_odb10-cnt.svg",
                "multiqc/multiqc_plots/svg/busco_plot_laurasiatheria_odb10-pct.svg",
                "multiqc/multiqc_plots/svg/busco_plot_mammalia_odb10-cnt.svg",
                "multiqc/multiqc_plots/svg/busco_plot_mammalia_odb10-pct.svg",
                "multiqc/multiqc_plots/svg/busco_plot_metazoa_odb10-cnt.svg",
                "multiqc/multiqc_plots/svg/busco_plot_metazoa_odb10-pct.svg",
                "multiqc/multiqc_plots/svg/busco_plot_tetrapoda_odb10-cnt.svg",
                "multiqc/multiqc_plots/svg/busco_plot_tetrapoda_odb10-pct.svg",
                "multiqc/multiqc_plots/svg/busco_plot_vertebrata_odb10-cnt.svg",
                "multiqc/multiqc_plots/svg/busco_plot_vertebrata_odb10-pct.svg",
                "multiqc/multiqc_report.html",
                "pipeline_info",
                "pipeline_info/blobtoolkit_software_mqc_versions.yml",
                "read_mapping",
                "read_mapping/hic",
                "read_mapping/hic/mMelMel3.bam",
                "read_mapping/hic/mMelMel3.coverage.1k.bed.gz",
                "read_mapping/illumina",
                "read_mapping/illumina/mMelMel1.bam",
                "read_mapping/illumina/mMelMel1.coverage.1k.bed.gz",
                "read_mapping/illumina/mMelMel2.bam",
                "read_mapping/illumina/mMelMel2.coverage.1k.bed.gz"
            ],
            [
                "GCA_922984935.2_dinuc_windows.tsv.gz:md5,c57fffa830caf586b88be8ced7d0075d",
                "GCA_922984935.2_freq_windows.tsv.gz:md5,2285d7a7a04ad51284d45a863d61a629",
                "GCA_922984935.2_mononuc_windows.tsv.gz:md5,2ea0f8ff12a46ef6999c2b0941d38698",
                "GCA_922984935.2_tetranuc_windows.tsv.gz:md5,c2a751c8242fd2b2cb2fbdbde1c728dc",
                "GCA_922984935.2_trinuc_windows.tsv.gz:md5,1c1ee422d1ca25ead7bc3d911f861d93",
                "GCA_922984935.2.synonyms_synonyms.json.gz:md5,1da678113c2a1e368805c79a14ad0531",
                "archaea_odb10_busco.json.gz:md5,d720747c456c3a9d5f82a213f14c56c2",
                "archaea_odb10_count.json.gz:md5,db3bfe371d6198e64cade978c5094222",
                "archaea_odb10_count_windows.json.gz:md5,f6ec3d25d5f03f765ec1e46e4b55e358",
                "archaea_odb10_count_windows_100000.json.gz:md5,2439274316f706dadb4c9d8580785373",
                "archaea_odb10_count_windows_1000000.json.gz:md5,9daa71e2682e5df1f0155b38ae5b204a",
                "assembly_level.json.gz:md5,a685d286fca068894d1464dd2a7a696a",
                "assembly_role.json.gz:md5,aba50a4f6b850565cda65f3b51b5e255",
                "assembly_unit.json.gz:md5,0cc1b29ad13628c1cbf969694da09ded",
                "bacteria_odb10_busco.json.gz:md5,d720747c456c3a9d5f82a213f14c56c2",
                "bacteria_odb10_count.json.gz:md5,db3bfe371d6198e64cade978c5094222",
                "bacteria_odb10_count_windows.json.gz:md5,3499c7488fb481fae01cde01ff1d5d43",
                "bacteria_odb10_count_windows_100000.json.gz:md5,77a3e3d55a9fcae926b73bbdb0ec4186",
                "bacteria_odb10_count_windows_1000000.json.gz:md5,d9a5604d798963d26a369c03971de20d",
                "buscogenes_class.json.gz:md5,8c59b975a1c75a14f666f05b6f00e17e",
                "buscogenes_class_cindex.json.gz:md5,db3bfe371d6198e64cade978c5094222",
                "buscogenes_class_positions.json.gz:md5,be354a3a3f168e07b9420e5bb18c9de3",
                "buscogenes_class_score.json.gz:md5,5160ebe3922268c7e8a1583e5b81087f",
                "buscogenes_class_windows.json.gz:md5,a880717539c85d8fbe8e915c11348304",
                "buscogenes_class_windows_0.01.json.gz:md5,23f4a1fc52f6dcef05ba7b0d1867a9cc",
                "buscogenes_class_windows_100000.json.gz:md5,1f94a83fe4b60cb6f63a425e828244ee",
                "buscogenes_class_windows_1000000.json.gz:md5,f435a8d40c9efc610ed78311c135a536",
                "buscogenes_family.json.gz:md5,1d632463a4f220401c124d2bef898abc",
                "buscogenes_family_cindex.json.gz:md5,db3bfe371d6198e64cade978c5094222",
                "buscogenes_family_positions.json.gz:md5,88707d7d8de5e10452ae600890dd3a76",
                "buscogenes_family_score.json.gz:md5,4b0ab37bc89448a859ae66e5e127e5cc",
                "buscogenes_family_windows.json.gz:md5,716fcc5365026e6aa4988c203a67031a",
                "buscogenes_family_windows_0.01.json.gz:md5,2f9f91d019d012fc8c9d674029eb7cbf",
                "buscogenes_family_windows_100000.json.gz:md5,da536c92b1be103d5e69a341e8907c9d",
                "buscogenes_family_windows_1000000.json.gz:md5,6f41c7244f1109850382438ed747b840",
                "buscogenes_genus.json.gz:md5,1052b3860d94aefd0fbd76de88e58850",
                "buscogenes_genus_cindex.json.gz:md5,db3bfe371d6198e64cade978c5094222",
                "buscogenes_genus_positions.json.gz:md5,e02fe1fb7cc2a37892ec33a607ed7821",
                "buscogenes_genus_score.json.gz:md5,4b0ab37bc89448a859ae66e5e127e5cc",
                "buscogenes_genus_windows.json.gz:md5,1dd2b55a28bab7e7d3f22e33578c9439",
                "buscogenes_genus_windows_0.01.json.gz:md5,6ab24dc90b887d28f960182957dceb93",
                "buscogenes_genus_windows_100000.json.gz:md5,774e9f27a399cf720852dc3723ba7e7d",
                "buscogenes_genus_windows_1000000.json.gz:md5,e97866ef9eb32ea3a1899f2a97f27d76",
                "buscogenes_kingdom.json.gz:md5,c3ad23526d3c8bf348b97c31c46ad3a3",
                "buscogenes_kingdom_cindex.json.gz:md5,db3bfe371d6198e64cade978c5094222",
                "buscogenes_kingdom_positions.json.gz:md5,d45f29e1e4a57484d25db7c6118f12a8",
                "buscogenes_kingdom_score.json.gz:md5,5160ebe3922268c7e8a1583e5b81087f",
                "buscogenes_kingdom_windows.json.gz:md5,21f74a1288d0707397e5f61b9f032c7b",
                "buscogenes_kingdom_windows_0.01.json.gz:md5,ea33a5d828c87f445da0569095c1761b",
                "buscogenes_kingdom_windows_100000.json.gz:md5,6769af023fc7970bdacf3308242a7b94",
                "buscogenes_kingdom_windows_1000000.json.gz:md5,4c4613a2a6a3de45789aa4162eebfabc",
                "buscogenes_order.json.gz:md5,c46179a71beb07b3e14ba0acdf432182",
                "buscogenes_order_cindex.json.gz:md5,db3bfe371d6198e64cade978c5094222",
                "buscogenes_order_positions.json.gz:md5,898bee3e34733d43f141583d137ab05d",
                "buscogenes_order_score.json.gz:md5,4b0ab37bc89448a859ae66e5e127e5cc",
                "buscogenes_order_windows.json.gz:md5,775f7daaae5974f1222cfb2dc3ce84e3",
                "buscogenes_order_windows_0.01.json.gz:md5,3f5ffb95bee5c12ebfae5f22a37054cc",
                "buscogenes_order_windows_100000.json.gz:md5,17962a33d31987dca9fb8d98c97d00ca",
                "buscogenes_order_windows_1000000.json.gz:md5,24ddfe7984790e27e3d205a5b4631320",
                "buscogenes_phylum.json.gz:md5,66e75f5b36f8f5544a004d8ecdf898b7",
                "buscogenes_phylum_cindex.json.gz:md5,db3bfe371d6198e64cade978c5094222",
                "buscogenes_phylum_positions.json.gz:md5,54fa6d253e3e3e49ed887fbf32ce944e",
                "buscogenes_phylum_score.json.gz:md5,5160ebe3922268c7e8a1583e5b81087f",
                "buscogenes_phylum_windows.json.gz:md5,4661eb8518960f6c209572386cf8372d",
                "buscogenes_phylum_windows_0.01.json.gz:md5,87a7d996b1c3d8b7bbb0784138d4b5df",
                "buscogenes_phylum_windows_100000.json.gz:md5,9ed8184c2b745883396a55e4ef721a28",
                "buscogenes_phylum_windows_1000000.json.gz:md5,cd86999d79c8b795b6bf5069bc7a476c",
                "buscogenes_positions.json.gz:md5,f4473f11b322da4c6f6de8cab214dfff",
                "buscogenes_species.json.gz:md5,fe7a61bd07acdfb9f485e0292c480284",
                "buscogenes_species_cindex.json.gz:md5,db3bfe371d6198e64cade978c5094222",
                "buscogenes_species_positions.json.gz:md5,123191534bafcca397b0e2b1361164bc",
                "buscogenes_species_score.json.gz:md5,4b0ab37bc89448a859ae66e5e127e5cc",
                "buscogenes_species_windows.json.gz:md5,bf2440334bc800d8d67ec841b991d5ed",
                "buscogenes_species_windows_0.01.json.gz:md5,097a7825beccea8d6b7952c9693dcca9",
                "buscogenes_species_windows_100000.json.gz:md5,8876714a68f35cc1a36c0f8474395c16",
                "buscogenes_species_windows_1000000.json.gz:md5,9077bd3383287937413db3e011d89244",
                "buscogenes_superkingdom.json.gz:md5,a41750df313860496784a6379a9c7758",
                "buscogenes_superkingdom_cindex.json.gz:md5,db3bfe371d6198e64cade978c5094222",
                "buscogenes_superkingdom_positions.json.gz:md5,ee6dedc0be65fcec5ea07577453714b4",
                "buscogenes_superkingdom_score.json.gz:md5,db3bfe371d6198e64cade978c5094222",
                "buscogenes_superkingdom_windows.json.gz:md5,21c4a438c2764d4bf42366693abebf00",
                "buscogenes_superkingdom_windows_0.01.json.gz:md5,189b09bb21f2b38c61ae87e7ac4c7525",
                "buscogenes_superkingdom_windows_100000.json.gz:md5,c46710e49638690213829ee1cc05316d",
                "buscogenes_superkingdom_windows_1000000.json.gz:md5,9d35b74985cb47c742d663cd24ae1304",
                "buscoregions_class.json.gz:md5,8c59b975a1c75a14f666f05b6f00e17e",
                "buscoregions_class_cindex.json.gz:md5,db3bfe371d6198e64cade978c5094222",
                "buscoregions_class_positions.json.gz:md5,019ea910b487a33024695c1aaebe9e6f",
                "buscoregions_class_score.json.gz:md5,518f01f442ace3607ae8bc40e98bd64a",
                "buscoregions_class_windows.json.gz:md5,2fc09753686017d89a961b8dbea0f069",
                "buscoregions_class_windows_0.01.json.gz:md5,9cb8e310231eb9a3d9f7bce2cf47ae03",
                "buscoregions_class_windows_100000.json.gz:md5,35ee73256661b5744bc85b3f9c70488a",
                "buscoregions_class_windows_1000000.json.gz:md5,011c5e2a9c92462205f7826db660f046",
                "buscoregions_family.json.gz:md5,32efbcf400e144106ec2e4c51505ce8f",
                "buscoregions_family_cindex.json.gz:md5,85ff5c5aa8c4ae77a0b9fec210c61558",
                "buscoregions_family_positions.json.gz:md5,2cd30bb1f9aa34cd97f7542aebee8662",
                "buscoregions_family_score.json.gz:md5,a9a8457603ff624c90e5690c6a535bc7",
                "buscoregions_family_windows.json.gz:md5,1d5518b712436125d3e9f886672051ba",
                "buscoregions_family_windows_0.01.json.gz:md5,88d1c4d3f705b64bf7b24d154c5cca64",
                "buscoregions_family_windows_100000.json.gz:md5,ec748b96192aaff836797f74f964782e",
                "buscoregions_family_windows_1000000.json.gz:md5,094607360e71c769a0b3617605c5df3f",
                "buscoregions_genus.json.gz:md5,a7c24d5da2f3351d058bc63eca291318",
                "buscoregions_genus_cindex.json.gz:md5,85ff5c5aa8c4ae77a0b9fec210c61558",
                "buscoregions_genus_positions.json.gz:md5,620fb954ce83ccf1c4045ab010034a65",
                "buscoregions_genus_score.json.gz:md5,a9a8457603ff624c90e5690c6a535bc7",
                "buscoregions_genus_windows.json.gz:md5,cccc336f0d0310844a7ef4f8d642abb2",
                "buscoregions_genus_windows_0.01.json.gz:md5,d5605d55d4e2946083ec76cb981fdf04",
                "buscoregions_genus_windows_100000.json.gz:md5,13f384e7ea17650a1e06f91aab618269",
                "buscoregions_genus_windows_1000000.json.gz:md5,1ea60f0d48fcfd7bab551545222a196b",
                "buscoregions_kingdom.json.gz:md5,c3ad23526d3c8bf348b97c31c46ad3a3",
                "buscoregions_kingdom_cindex.json.gz:md5,db3bfe371d6198e64cade978c5094222",
                "buscoregions_kingdom_positions.json.gz:md5,178740f67c832bd3926c4ddbfa7f2bd5",
                "buscoregions_kingdom_score.json.gz:md5,518f01f442ace3607ae8bc40e98bd64a",
                "buscoregions_kingdom_windows.json.gz:md5,48912762b5976256fd491dc0fafc3244",
                "buscoregions_kingdom_windows_0.01.json.gz:md5,2998c397781d967594290e9434e11c18",
                "buscoregions_kingdom_windows_100000.json.gz:md5,d63bc255929e7e06942b9f396a527731",
                "buscoregions_kingdom_windows_1000000.json.gz:md5,e91f441ca063eebf99d331fad566b6ce",
                "buscoregions_order.json.gz:md5,c46179a71beb07b3e14ba0acdf432182",
                "buscoregions_order_cindex.json.gz:md5,db3bfe371d6198e64cade978c5094222",
                "buscoregions_order_positions.json.gz:md5,19c3650ca493867ff16c95fbf7777a9f",
                "buscoregions_order_score.json.gz:md5,518f01f442ace3607ae8bc40e98bd64a",
                "buscoregions_order_windows.json.gz:md5,b71678c819921e70047feed9e476add9",
                "buscoregions_order_windows_0.01.json.gz:md5,95cecc60ead79077c5f44d2bf32b25c2",
                "buscoregions_order_windows_100000.json.gz:md5,7b515a4a81ed4fc52a28bef8c41aa9f7",
                "buscoregions_order_windows_1000000.json.gz:md5,bb2a401251c192d580fcbfe030673853",
                "buscoregions_phylum.json.gz:md5,66e75f5b36f8f5544a004d8ecdf898b7",
                "buscoregions_phylum_cindex.json.gz:md5,db3bfe371d6198e64cade978c5094222",
                "buscoregions_phylum_positions.json.gz:md5,6cf77029e40e55121ea0ecf119831891",
                "buscoregions_phylum_score.json.gz:md5,518f01f442ace3607ae8bc40e98bd64a",
                "buscoregions_phylum_windows.json.gz:md5,5a4958b58f07bd1f9f2dc8f6fccda930",
                "buscoregions_phylum_windows_0.01.json.gz:md5,06bf7c8213513963ea3f9cf2bff7f918",
                "buscoregions_phylum_windows_100000.json.gz:md5,2f123ce81b3457ac8f5b78290beffe88",
                "buscoregions_phylum_windows_1000000.json.gz:md5,40e007dcd1ca78722d94f47c5bd2666d",
                "buscoregions_positions.json.gz:md5,f4473f11b322da4c6f6de8cab214dfff",
                "buscoregions_species.json.gz:md5,98372e573d142b24da8b7a0015519674",
                "buscoregions_species_cindex.json.gz:md5,85ff5c5aa8c4ae77a0b9fec210c61558",
                "buscoregions_species_positions.json.gz:md5,ae6e9d7b116787b2cf92217ffd30590e",
                "buscoregions_species_score.json.gz:md5,a9a8457603ff624c90e5690c6a535bc7",
                "buscoregions_species_windows.json.gz:md5,38c65bf96ed463b35c3b47bd602cfe6f",
                "buscoregions_species_windows_0.01.json.gz:md5,31a2d838fe457aeb222e61026174d04c",
                "buscoregions_species_windows_100000.json.gz:md5,c34e187eb46811bd28d2a3f1965dbbe1",
                "buscoregions_species_windows_1000000.json.gz:md5,10b1e6867e354481763b11989205f021",
                "buscoregions_superkingdom.json.gz:md5,a41750df313860496784a6379a9c7758",
                "buscoregions_superkingdom_cindex.json.gz:md5,db3bfe371d6198e64cade978c5094222",
                "buscoregions_superkingdom_positions.json.gz:md5,ee6dedc0be65fcec5ea07577453714b4",
                "buscoregions_superkingdom_score.json.gz:md5,db3bfe371d6198e64cade978c5094222",
                "buscoregions_superkingdom_windows.json.gz:md5,21c4a438c2764d4bf42366693abebf00",
                "buscoregions_superkingdom_windows_0.01.json.gz:md5,189b09bb21f2b38c61ae87e7ac4c7525",
                "buscoregions_superkingdom_windows_100000.json.gz:md5,c46710e49638690213829ee1cc05316d",
                "buscoregions_superkingdom_windows_1000000.json.gz:md5,9d35b74985cb47c742d663cd24ae1304",
                "carnivora_odb10_busco.json.gz:md5,e85ec560e907d5e8f5e62960ca65d2b7",
                "carnivora_odb10_count.json.gz:md5,c2d85c95a3e3abd5002b5f6903e0c932",
                "carnivora_odb10_count_windows.json.gz:md5,a913c1a0741caa644870a05985d84e2d",
                "carnivora_odb10_count_windows_100000.json.gz:md5,1f53cdf71db2ef069518df0b053b7ef1",
                "carnivora_odb10_count_windows_1000000.json.gz:md5,5676861f02e6c15ea9729e005bb3dc48",
                "eukaryota_odb10_busco.json.gz:md5,44c1824d07c5a10406e75b68055c9f04",
                "eukaryota_odb10_count.json.gz:md5,85ff5c5aa8c4ae77a0b9fec210c61558",
                "eukaryota_odb10_count_windows.json.gz:md5,0ce171dfdb5da1cce58b75fc4f59aee4",
                "eukaryota_odb10_count_windows_100000.json.gz:md5,79a4ab45307eca4ae815963e8a3c7649",
                "eukaryota_odb10_count_windows_1000000.json.gz:md5,40914c2f9d64c4c149ef934e8cf2e38d",
                "eutheria_odb10_busco.json.gz:md5,dde8084526a2dcfd5d820b9050115566",
                "eutheria_odb10_count.json.gz:md5,d2a9ed17f90be386472d1322cd37cd82",
                "eutheria_odb10_count_windows.json.gz:md5,b6a9a0a972979576553bc914c989a18b",
                "eutheria_odb10_count_windows_100000.json.gz:md5,b972b1f9b0a0e91fe1ef92ebc60e7c7a",
                "eutheria_odb10_count_windows_1000000.json.gz:md5,3d1c3c30162982fbdcc8c657dfd168ec",
                "gc.json.gz:md5,1cd00f94772b79d21f632e6f3f8601d9",
                "gc_stats.json.gz:md5,fd9f0a19736dd62be90e4a20154c1459",
                "gc_windows.json.gz:md5,f13cdb0e5dc9f844170e510089679bf5",
                "gc_windows_100000.json.gz:md5,74a3ae839b7dfe62ee67c16333815ed4",
                "gc_windows_1000000.json.gz:md5,a2d758ef45a6a14042d5c1b14a8bc744",
                "identifiers.json.gz:md5,c09f3e3698ffda4531bfb36ced39e76e",
                "laurasiatheria_odb10_busco.json.gz:md5,787359057d7153ca16a71348ece3d6bb",
                "laurasiatheria_odb10_count.json.gz:md5,d2a9ed17f90be386472d1322cd37cd82",
                "laurasiatheria_odb10_count_windows.json.gz:md5,15680b1d1ed0e6657c8295ba70c7bfa7",
                "laurasiatheria_odb10_count_windows_100000.json.gz:md5,b94daaece33cb0d1d167f734426745c1",
                "laurasiatheria_odb10_count_windows_1000000.json.gz:md5,1e0bc885b48b35713143a63099697d7a",
                "length.json.gz:md5,dfe1e23fc0a6b820a0c0a1cb1827e992",
                "length_windows.json.gz:md5,678a72a4c0e6c5cf424b8bade281e07d",
                "length_windows_100000.json.gz:md5,46acbe7739d52d742d255f0626c28316",
                "length_windows_1000000.json.gz:md5,f52e4653df6f62e06bad93596e5e5262",
                "mMelMel1_cov.json.gz:md5,1abe04fd48cdfc651f4ea5e7ef401162",
                "mMelMel1_cov_stats.json.gz:md5,ed307f68de4f362220c9a3ae0e868f17",
                "mMelMel1_cov_windows.json.gz:md5,973a9493c63bb434a7c8f21f76a174c1",
                "mMelMel1_cov_windows_100000.json.gz:md5,33b64a1b21ff883cf0daef57f8cceb09",
                "mMelMel1_cov_windows_1000000.json.gz:md5,1246eade143acf7f74462b33de3e406d",
                "mMelMel2_cov.json.gz:md5,525c4925ee4058fff73db43547474981",
                "mMelMel2_cov_stats.json.gz:md5,112607034c24f37b66bacda7f670ba5b",
                "mMelMel2_cov_windows.json.gz:md5,514127628e230526fc82808b9dfd6831",
                "mMelMel2_cov_windows_100000.json.gz:md5,64c7d94da2cfa4988ba5a5f1684ec0a3",
                "mMelMel2_cov_windows_1000000.json.gz:md5,fa0b7642bf2d50edc81f347f8921e115",
                "mMelMel3_cov.json.gz:md5,13d08c07c97a4348fe3f0b63b3850dd2",
                "mMelMel3_cov_stats.json.gz:md5,32f72cc0912d16479350dd5e9ef8c3eb",
                "mMelMel3_cov_windows.json.gz:md5,5cd6fa21150b2d545a201b00b2acb1a9",
                "mMelMel3_cov_windows_100000.json.gz:md5,52afc0385766a3f88efb178f8668de4a",
                "mMelMel3_cov_windows_1000000.json.gz:md5,de1b4225946d5868758dba58667ee30d",
                "mammalia_odb10_busco.json.gz:md5,705f65a81e1e069c61880729a863b6b1",
                "mammalia_odb10_count.json.gz:md5,3fe44432e5d04afdfc69c040c8fffe5b",
                "mammalia_odb10_count_windows.json.gz:md5,9de0155c23d3f27bfe17a5e3c4fc1904",
                "mammalia_odb10_count_windows_100000.json.gz:md5,18a27007583ceb32e67d5a14514aafed",
                "mammalia_odb10_count_windows_1000000.json.gz:md5,ca5c60b3121c309636ebcd21bb6e814c",
                "metazoa_odb10_busco.json.gz:md5,cc4debb0f82188657349ffa2342d0c28",
                "metazoa_odb10_count.json.gz:md5,33b96518b11511b0dd12085f5a18ccac",
                "metazoa_odb10_count_windows.json.gz:md5,08be1dd3a0a0c39d5ed47d4cfbb4f67a",
                "metazoa_odb10_count_windows_100000.json.gz:md5,eb028db087da96cb88124d4f44b48cbc",
                "metazoa_odb10_count_windows_1000000.json.gz:md5,49349860bc1da88c4bc0ef4a86e606c0",
                "n.json.gz:md5,6e473436cfdc6db17c039bd0ab936cf0",
                "n_stats.json.gz:md5,89f1c00382ea35e5193dd49d05a1c44e",
                "n_windows.json.gz:md5,55acc5e29b5f4fb10dc8dbeccbbffb5f",
                "n_windows_100000.json.gz:md5,fded55bf9db285ed8478546b1ef1ed63",
                "n_windows_1000000.json.gz:md5,aa8daf7b8d42bed4cd8baa08ef243cfe",
                "ncount.json.gz:md5,db3bfe371d6198e64cade978c5094222",
                "ncount_windows.json.gz:md5,837135de1a970d2db5320fa60ce4802c",
                "ncount_windows_100000.json.gz:md5,d2c1c0470571e282eab4773fb3625f33",
                "ncount_windows_1000000.json.gz:md5,515233bc6cb92618b7fc24eaac665e2a",
                "position.json.gz:md5,dfe1e23fc0a6b820a0c0a1cb1827e992",
                "position_windows.json.gz:md5,9f5093e3a53998a7bb4147fb10da1f63",
                "position_windows_100000.json.gz:md5,c97d49dc62429be3629a44fbc8e8e018",
                "position_windows_1000000.json.gz:md5,ba8938c2afe1bf6fbfa481dcfdeec666",
                "proportion.json.gz:md5,0b6707219b600696fbe83fcded697a02",
                "proportion_windows.json.gz:md5,fc82056d5c539ff73778fd101b8e4bb3",
                "proportion_windows_100000.json.gz:md5,be11aff205b95d911a6c10b48ed59920",
                "proportion_windows_1000000.json.gz:md5,e0e29afe516c6149b09d345134fd6908",
                "tetrapoda_odb10_busco.json.gz:md5,25b7c89472d26e5924dee9f2336db9fd",
                "tetrapoda_odb10_count.json.gz:md5,3fe44432e5d04afdfc69c040c8fffe5b",
                "tetrapoda_odb10_count_windows.json.gz:md5,7bd6f953b73e4de0fa514261c1916491",
                "tetrapoda_odb10_count_windows_100000.json.gz:md5,371f31281e1b55140ded38820ee5bfca",
                "tetrapoda_odb10_count_windows_1000000.json.gz:md5,fca9e3857f6bad1aca1bd8170c187859",
                "vertebrata_odb10_busco.json.gz:md5,916aba64a964392e3da3d35df0f14e88",
                "vertebrata_odb10_count.json.gz:md5,d2a9ed17f90be386472d1322cd37cd82",
                "vertebrata_odb10_count_windows.json.gz:md5,bd32fe8d54213687ecb94ac3f2cbce59",
                "vertebrata_odb10_count_windows_100000.json.gz:md5,36d6694edc4979b34e0a7a5d1212ecdd",
                "vertebrata_odb10_count_windows_1000000.json.gz:md5,40f404060aacde76cdf1f4a399daf270",
                "GCA_922984935.2.blob.png:md5,e0010feb9f829b1ba82d57dab92760d0",
                "GCA_922984935.2.cumulative.png:md5,205c26f2ac2d8ee942f5f53c576e5ab2",
                "GCA_922984935.2.snail.png:md5,5611c6e48e7b4b273058814eca14f281",
                "full_table.tsv:md5,be1ed7727a5887d5e6ea3c56f7a85305",
                "missing_busco_list.tsv:md5,34a2d0e0b9a128568033289ee4a01f42",
                "short_summary.tsv:md5,7fbfaa74e290f90e63b8ae04bff378b5",
                "full_table.tsv:md5,e52066960d2e2e471410e9382d562bbe",
                "missing_busco_list.tsv:md5,5c82e412de8d6e6c26dcb78a1fdbf72c",
                "short_summary.tsv:md5,f624fea88682703598c0ed4365ee7beb",
                "full_table.tsv:md5,0060f1602f1c49c421169eacef3b1b7b",
                "missing_busco_list.tsv:md5,173cbd833bdd85e88a627c89ec285023",
                "short_summary.tsv:md5,7ba46ed6b19af6be74e5e5d915048aca",
                "full_table.tsv:md5,edf16e9d191d06b7ea6a9086cfd2510d",
                "missing_busco_list.tsv:md5,7e9f0baf9619b9a1cde63920ac1a48d4",
                "short_summary.tsv:md5,e4f29902ce63f7b51b0a0c6caa090033",
                "full_table.tsv:md5,65e415b87c11f539f1c92a2e6b15a972",
                "missing_busco_list.tsv:md5,8ab1a37434bfa878b0ef1f9ebf19769e",
                "short_summary.tsv:md5,533bd1e3049092e1aa7962824ce2d3ab",
                "full_table.tsv:md5,6de6826196767506d146702ab66595bf",
                "missing_busco_list.tsv:md5,f9be60c3a4c51121e39ff1ba362b99ee",
                "short_summary.tsv:md5,d5f8ff50f0164c0bfd727a98d063c16b",
                "full_table.tsv:md5,9f8161f8f93d0af234619b29396405e8",
                "missing_busco_list.tsv:md5,4dde4b4ab97d7638faad1a93cedcded0",
                "short_summary.tsv:md5,3ae6bc15a3be6a58978a21c788d534bf",
                "full_table.tsv:md5,e0af9b9aaf1824dd34f8aac7bb11f2de",
                "missing_busco_list.tsv:md5,c04b2fcfbb4d6125efdf9d28bf20287f",
                "short_summary.tsv:md5,9706559782fd3ea0667128fb1efd2661",
                "full_table.tsv:md5,3fdd6f0cf1348925ff46d1718af4a5f3",
                "missing_busco_list.tsv:md5,b47cb4623ce1dba7e932ccf327c7f6eb",
                "short_summary.tsv:md5,f7c611ad6e75de12c0177efaae40c041",
                "full_table.tsv:md5,8b3eca8bbf098b602ad2a17b9da77532",
                "missing_busco_list.tsv:md5,d5870a7bc71baad79db38e5f3eb546db",
                "short_summary.tsv:md5,df7fbf0d88f46647bb141688fe1adbcf",
                "busco_plot_archaea_odb10.txt:md5,70362d917ccbfb99bab89ac69302cc5f",
                "busco_plot_bacteria_odb10.txt:md5,b688e472ad7f0b793ca0df00dabc26f9",
                "busco_plot_carnivora_odb10.txt:md5,795f732039b1b6385fcb9eb51e5925c9",
                "busco_plot_eukaryota_odb10.txt:md5,0438c97b1b664b96bc74edf78e49b444",
                "busco_plot_eutheria_odb10.txt:md5,e2f741c0909037acd2e8ea73bbeded1b",
                "busco_plot_laurasiatheria_odb10.txt:md5,def6821d2f9a046f769dfbe3fbe92ea8",
                "busco_plot_mammalia_odb10.txt:md5,a3f50d050999cd5f708e5e28eabfc693",
                "busco_plot_metazoa_odb10.txt:md5,fb372395c72c9b79a83621710465f150",
                "busco_plot_tetrapoda_odb10.txt:md5,7029ed266de77700e876b1434556f3aa",
                "busco_plot_vertebrata_odb10.txt:md5,d47d14b7881caa055d439d3cfdb27110",
                "multiqc_busco.txt:md5,4b5606cdf8306d43ab5cdb0ffa9dbc51",
                "multiqc_citations.txt:md5,f7a1be5b698af01c2993c9f76f3647f9",
                "multiqc_general_stats.txt:md5,8bbc90f61b0ad2ee1e5ae037c85435fc",
                "mMelMel3.bam:md5,9cbe4bc43b36b6f68589e68fd1276afa",
                "mMelMel3.coverage.1k.bed.gz:md5,a3fa6ba7bc9bb3ff287e9ddcba1ec318",
                "mMelMel1.bam:md5,b8a1ffd6ed3d6c4ba5283f0d400f6791",
                "mMelMel1.coverage.1k.bed.gz:md5,39ff83fc80540efd6c3e446f6e5c9d3c",
                "mMelMel2.bam:md5,e730eeaf519c05b7a363b1aa2e89d7c6",
                "mMelMel2.coverage.1k.bed.gz:md5,432fc8d88f38d3c4cbca6114ff14cc32"
            ]
        ],
        "meta": {
            "nf-test": "0.9.3",
            "nextflow": "25.10.2"
        },
        "timestamp": "2026-02-09T09:38:36.13623576"
    }
}